// Jest Snapshot v1, https://goo.gl/fbAQLP

exports[`city map snapshot test city map 1`] = `
<section
  className="cities__map map"
  id="map"
/>
`;
